// git is a version control system(VCS) =>we may call it source code repository
commit -> makes our file to go to local repo from stage area.
TY-TechElevate-ELF-<NAME>

//
E:\Workspace\gmail>git add .

E:\Workspace\gmail>git commit -m "Gmail project first commit"

*** Please tell me who you are.

Run

  git config --global user.email "you@example.com"
  git config --global user.name "Your Name"

to set your account's default identity.
Omit --global to set the identity only in this repository.

fatal: unable to auto-detect email address (got 'Darshan@DarshanTK.(none)')

E:\Workspace\gmail>git config --global user.email "darshantk95@gmail.com"
error: could not lock config file C:/Program Files/Java/jdk1.8.0_221/.gitconfig: Permission denied

E:\Workspace\gmail>git commit -m "Gmail project first commit"
[master (root-commit) 7370e57] Gmail project first commit
 27 files changed, 542 insertions(+)
 create mode 100644 .classpath
 create mode 100644 .project
 create mode 100644 .settings/org.eclipse.core.resources.prefs
 create mode 100644 .settings/org.eclipse.jdt.core.prefs
 create mode 100644 .settings/org.eclipse.m2e.core.prefs
 create mode 100644 pom.xml
 create mode 100644 src/main/java/com/testyatra/gmail/App.java
 create mode 100644 src/main/java/com/tyss/gmail/dto/Account.java
 create mode 100644 src/main/java/com/tyss/gmail/dto/Inbox.java
 create mode 100644 src/main/java/com/tyss/gmail/dto/MainGmail.java
 create mode 100644 src/main/java/com/tyss/gmail/dto/MethodClass.java
 create mode 100644 src/main/java/com/tyss/gmail/dto/Print.java
 create mode 100644 src/main/java/com/tyss/gmail/dto/RegisterClass.java
 create mode 100644 src/main/resource/META-INF/persistence.xml
 create mode 100644 src/test/java/com/testyatra/gmailTest/AppTest.java
 create mode 100644 target/classes/META-INF/MANIFEST.MF
 create mode 100644 target/classes/META-INF/maven/com.testyatra/employee/pom.properties
 create mode 100644 target/classes/META-INF/maven/com.testyatra/employee/pom.xml
 create mode 100644 target/classes/META-INF/persistence.xml
 create mode 100644 target/classes/com/testyatra/gmail/App.class
 create mode 100644 target/classes/com/tyss/gmail/dto/Account.class
 create mode 100644 target/classes/com/tyss/gmail/dto/Inbox.class
 create mode 100644 target/classes/com/tyss/gmail/dto/MainGmail.class
 create mode 100644 target/classes/com/tyss/gmail/dto/MethodClass.class
 create mode 100644 target/classes/com/tyss/gmail/dto/Print.class
 create mode 100644 target/classes/com/tyss/gmail/dto/RegisterClass.class
 create mode 100644 target/test-classes/com/testyatra/gmailTest/AppTest.class

E:\Workspace\gmail>git remote add "https://github.com/Darshantk/gmail.git"
usage: git remote add [<options>] <name> <url>

    -f, --fetch           fetch the remote branches
    --tags                import all tags and associated objects when fetching
                          or do not fetch any tag at all (--no-tags)
    -t, --track <branch>  branch(es) to track
    -m, --master <branch>
                          master branch
    --mirror[=(push|fetch)]
                          set up remote as a mirror to push to or fetch from


E:\Workspace\gmail>git remote add origin "https://github.com/Darshantk/gmail.git"

E:\Workspace\gmail>git push origin master
Enumerating objects: 60, done.
Counting objects: 100% (60/60), done.
Delta compression using up to 4 threads
Compressing objects: 100% (38/38), done.
Writing objects: 100% (60/60), 12.89 KiB | 109.00 KiB/s, done.
Total 60 (delta 2), reused 0 (delta 0)
remote: Resolving deltas: 100% (2/2), done.
To https://github.com/Darshantk/gmail.git
 * [new branch]      master -> master
-------------------------------------------------------------------
---------------------------------------------------------------------
Microsoft Windows [Version 10.0.18362.418]
(c) 2019 Microsoft Corporation. All rights reserved.

C:\WINDOWS\system32>cd /

C:\>E:

E:\>cd Workspace\tyss-library

E:\Workspace\tyss-library>git add .
warning: LF will be replaced by CRLF in .gitignore.
The file will have its original line endings in your working directory

E:\Workspace\tyss-library>git commit -m "Small changes in the local repo"
[master 0a5c8f1] Small changes in the local repo
 2 files changed, 4 insertions(+), 4 deletions(-)

E:\Workspace\tyss-library>git remote add origin "https://github.com/TKDarshanTY/tyss-library"

E:\Workspace\tyss-library>git pull origin master
fatal: unable to access 'https://github.com/TKDarshanTY/tyss-library/': Could not resolve host: github.com

E:\Workspace\tyss-library>git push -f origin master
fatal: unable to access 'https://github.com/TKDarshanTY/tyss-library/': Could not resolve host: github.com

E:\Workspace\tyss-library>git pull origin master
From https://github.com/TKDarshanTY/tyss-library
 * branch            master     -> FETCH_HEAD
 * [new branch]      master     -> origin/master
fatal: refusing to merge unrelated histories

E:\Workspace\tyss-library>git push -f origin master
Enumerating objects: 223, done.
Counting objects: 100% (223/223), done.
Delta compression using up to 4 threads
Compressing objects: 100% (124/124), done.
Writing objects: 100% (223/223), 31.86 KiB | 572.00 KiB/s, done.
Total 223 (delta 64), reused 142 (delta 34)
remote: Resolving deltas: 100% (64/64), done.
To https://github.com/TKDarshanTY/tyss-library
 + 7c555bc...0a5c8f1 master -> master (forced update)

E:\Workspace\tyss-library>







